[debug] [2026-06-19T06:12:48.210Z] ----------------------------------------------------------------------
[debug] [2026-06-19T06:12:48.213Z] Command:       C:\Program Files\nodejs\node.exe C:\Users\horih\AppData\Roaming\npm\node_modules\firebase-tools\lib\bin\firebase.js init
[debug] [2026-06-19T06:12:48.214Z] CLI Version:   15.22.0
[debug] [2026-06-19T06:12:48.214Z] Platform:      win32
[debug] [2026-06-19T06:12:48.214Z] Node Version:  v24.14.1
[debug] [2026-06-19T06:12:48.214Z] Detected Agent: unknown
[debug] [2026-06-19T06:12:48.214Z] Time:          Fri Jun 19 2026 15:12:48 GMT+0900 (日本標準時)
[debug] [2026-06-19T06:12:48.214Z] ----------------------------------------------------------------------
[debug] 
[info] 
     ######## #### ########  ######## ########     ###     ######  ########
     ##        ##  ##     ## ##       ##     ##  ##   ##  ##       ##
     ######    ##  ########  ######   ########  #########  ######  ######
     ##        ##  ##    ##  ##       ##     ## ##     ##       ## ##
     ##       #### ##     ## ######## ########  ##     ##  ######  ########

You're about to initialize a Firebase project in this directory:

  C:\hori\reward_go

Before we get started, keep in mind:

  * You are currently outside your home directory

[debug] [2026-06-19T11:42:15.086Z] ExitPromptError: User force closed the prompt with SIGINT
    at Interface.sigint (C:\Users\horih\AppData\Roaming\npm\node_modules\firebase-tools\node_modules\@inquirer\core\dist\commonjs\lib\create-prompt.js:101:37)
    at Interface.emit (node:events:508:28)
    at [_ttyWrite] [as _ttyWrite] (node:internal/readline/interface:1327:18)
    at ReadStream.onkeypress (node:internal/readline/interface:284:20)
    at ReadStream.emit (node:events:520:35)
    at emitKeys (node:internal/readline/utils:371:14)
    at emitKeys.next (<anonymous>)
    at ReadStream.onData (node:internal/readline/emitKeypressEvents:64:36)
    at ReadStream.emit (node:events:508:28)
    at addChunk (node:internal/streams/readable:563:12)
[error] 
[error] Error: An unexpected error has occurred.
